
> closepet@0.1.0 build
> next build

▲ Next.js 16.2.6 (Turbopack)
- Environments: .env.local

  Creating an optimized production build ...

> Build error occurred
Error: Turbopack build failed with 2 errors:
./src/app/(app)/routine/page.tsx:4:1
Export Dribbble doesn't exist in target module
  [90m2 |[0m
  [90m3 |[0m [36mimport[0m [33mReact[0m, { useState } [36mfrom[0m [32m'react'[0m;
[31m[1m>[0m [90m4 |[0m [36mimport[0m { [33mPlus[0m, [33mFootprints[0m, [33mBone[0m, [33mMoon[0m, [33mDribbble[0m, [33mBrain[0m, [33mBath[0m, [33mPill[0m } [36mfrom[0m [32m'lucide-react'[0m;
  [90m  |[0m [31m[1m^^^^^^^^^^^^^^^^^^^^^^^^^^^^^^^^^^^^^^^^^^^^^^^^^^^^^^^^^^^^^^^^^^^^^^^^^^^^^^^^^^^^^^^^^[0m
  [90m5 |[0m
  [90m6 |[0m [36mexport[0m [36mdefault[0m [36mfunction[0m [33mRoutinePage[0m() {
  [90m7 |[0m   [90m// Mock data states to simulate toggle[0m

The export Dribbble was not found in module [project]/node_modules/lucide-react/dist/esm/lucide-react.mjs [app-client] (ecmascript).
Did you mean to import Drill?
All exports of the module are statically known (It doesn't have dynamic exports). So it's known statically that the requested export doesn't exist.

Import traces:
  Client Component Browser:
    ./src/app/(app)/routine/page.tsx [Client Component Browser]
    ./src/app/(app)/routine/page.tsx [Server Component]

  Client Component SSR:
    ./src/app/(app)/routine/page.tsx [Client Component SSR]
    ./src/app/(app)/routine/page.tsx [Server Component]


./src/app/(app)/routine/page.tsx:4:1
Export Dribbble doesn't exist in target module
  [90m2 |[0m
  [90m3 |[0m [36mimport[0m [33mReact[0m, { useState } [36mfrom[0m [32m'react'[0m;
[31m[1m>[0m [90m4 |[0m [36mimport[0m { [33mPlus[0m, [33mFootprints[0m, [33mBone[0m, [33mMoon[0m, [33mDribbble[0m, [33mBrain[0m, [33mBath[0m, [33mPill[0m } [36mfrom[0m [32m'lucide-react'[0m;
  [90m  |[0m [31m[1m^^^^^^^^^^^^^^^^^^^^^^^^^^^^^^^^^^^^^^^^^^^^^^^^^^^^^^^^^^^^^^^^^^^^^^^^^^^^^^^^^^^^^^^^^[0m
  [90m5 |[0m
  [90m6 |[0m [36mexport[0m [36mdefault[0m [36mfunction[0m [33mRoutinePage[0m() {
  [90m7 |[0m   [90m// Mock data states to simulate toggle[0m

The export Dribbble was not found in module [project]/node_modules/lucide-react/dist/esm/lucide-react.mjs [app-ssr] (ecmascript).
Did you mean to import Drill?
All exports of the module are statically known (It doesn't have dynamic exports). So it's known statically that the requested export doesn't exist.

Import traces:
  Client Component Browser:
    ./src/app/(app)/routine/page.tsx [Client Component Browser]
    ./src/app/(app)/routine/page.tsx [Server Component]

  Client Component SSR:
    ./src/app/(app)/routine/page.tsx [Client Component SSR]
    ./src/app/(app)/routine/page.tsx [Server Component]


    at <unknown> (./src/app/(app)/routine/page.tsx:4:1)
    at <unknown> (./src/app/(app)/routine/page.tsx:4:1)
